MPLINK 4.49, Linker
Linker Map File - Created Mon Feb 10 11:56:28 2020

                                 Section Info
                  Section       Type    Address   Location Size(Bytes)
                ---------  ---------  ---------  ---------  ---------
                   .org_0       code   0x000000    program   0x000000
                   .org_1       code   0x000000    program   0x000002
                   .org_2       code   0x000004    program   0x0000dc
      .config_2007_MAIN.O       code   0x002007    program   0x000002
      .config_2008_MAIN.O       code   0x002008    program   0x000002



                              Program Memory Usage 
                               Start         End      
                           ---------   ---------      
                            0x000000    0x000000      
                            0x000004    0x000071      
                            0x002007    0x002008      
            113 out of 8455 program addresses used, program memory utilization is 1%



                              Symbols - Sorted by Name
                     Name    Address   Location    Storage File                     
                ---------  ---------  ---------  --------- ---------                
                   Delay1   0x000068    program     static C:\Users\Aluno\Desktop\PortableGit\ECAi11\simon_game\simon_game\code\main.asm
                   Delay2   0x00006e    program     static C:\Users\Aluno\Desktop\PortableGit\ECAi11\simon_game\simon_game\code\main.asm
                Delay_1ms   0x000066    program     static C:\Users\Aluno\Desktop\PortableGit\ECAi11\simon_game\simon_game\code\main.asm
                 Delay_1s   0x000060    program     static C:\Users\Aluno\Desktop\PortableGit\ECAi11\simon_game\simon_game\code\main.asm
              Delay_200ms   0x00006c    program     static C:\Users\Aluno\Desktop\PortableGit\ECAi11\simon_game\simon_game\code\main.asm
            ExitInterrupt   0x000010    program     static C:\Users\Aluno\Desktop\PortableGit\ECAi11\simon_game\simon_game\code\main.asm
             LedCountLoop   0x000043    program     static C:\Users\Aluno\Desktop\PortableGit\ECAi11\simon_game\simon_game\code\main.asm
                LevelEasy   0x000032    program     static C:\Users\Aluno\Desktop\PortableGit\ECAi11\simon_game\simon_game\code\main.asm
                LevelHard   0x000034    program     static C:\Users\Aluno\Desktop\PortableGit\ECAi11\simon_game\simon_game\code\main.asm
                     Main   0x00002a    program     static C:\Users\Aluno\Desktop\PortableGit\ECAi11\simon_game\simon_game\code\main.asm
                Main_Loop   0x000036    program     static C:\Users\Aluno\Desktop\PortableGit\ECAi11\simon_game\simon_game\code\main.asm
      RotinaInicializacao   0x00003d    program     static C:\Users\Aluno\Desktop\PortableGit\ECAi11\simon_game\simon_game\code\main.asm
            SorteiaNumero   0x000037    program     static C:\Users\Aluno\Desktop\PortableGit\ECAi11\simon_game\simon_game\code\main.asm
                    Start   0x000015    program     static C:\Users\Aluno\Desktop\PortableGit\ECAi11\simon_game\simon_game\code\main.asm
          Timer0Interrupt   0x00000a    program     static C:\Users\Aluno\Desktop\PortableGit\ECAi11\simon_game\simon_game\code\main.asm



                              Symbols - Sorted by Address
                     Name    Address   Location    Storage File                     
                ---------  ---------  ---------  --------- ---------                
          Timer0Interrupt   0x00000a    program     static C:\Users\Aluno\Desktop\PortableGit\ECAi11\simon_game\simon_game\code\main.asm
            ExitInterrupt   0x000010    program     static C:\Users\Aluno\Desktop\PortableGit\ECAi11\simon_game\simon_game\code\main.asm
                    Start   0x000015    program     static C:\Users\Aluno\Desktop\PortableGit\ECAi11\simon_game\simon_game\code\main.asm
                     Main   0x00002a    program     static C:\Users\Aluno\Desktop\PortableGit\ECAi11\simon_game\simon_game\code\main.asm
                LevelEasy   0x000032    program     static C:\Users\Aluno\Desktop\PortableGit\ECAi11\simon_game\simon_game\code\main.asm
                LevelHard   0x000034    program     static C:\Users\Aluno\Desktop\PortableGit\ECAi11\simon_game\simon_game\code\main.asm
                Main_Loop   0x000036    program     static C:\Users\Aluno\Desktop\PortableGit\ECAi11\simon_game\simon_game\code\main.asm
            SorteiaNumero   0x000037    program     static C:\Users\Aluno\Desktop\PortableGit\ECAi11\simon_game\simon_game\code\main.asm
      RotinaInicializacao   0x00003d    program     static C:\Users\Aluno\Desktop\PortableGit\ECAi11\simon_game\simon_game\code\main.asm
             LedCountLoop   0x000043    program     static C:\Users\Aluno\Desktop\PortableGit\ECAi11\simon_game\simon_game\code\main.asm
                 Delay_1s   0x000060    program     static C:\Users\Aluno\Desktop\PortableGit\ECAi11\simon_game\simon_game\code\main.asm
                Delay_1ms   0x000066    program     static C:\Users\Aluno\Desktop\PortableGit\ECAi11\simon_game\simon_game\code\main.asm
                   Delay1   0x000068    program     static C:\Users\Aluno\Desktop\PortableGit\ECAi11\simon_game\simon_game\code\main.asm
              Delay_200ms   0x00006c    program     static C:\Users\Aluno\Desktop\PortableGit\ECAi11\simon_game\simon_game\code\main.asm
                   Delay2   0x00006e    program     static C:\Users\Aluno\Desktop\PortableGit\ECAi11\simon_game\simon_game\code\main.asm


