MPLINK 4.49, Linker
Linker Map File - Created Tue Feb 11 11:59:27 2020

                                 Section Info
                  Section       Type    Address   Location Size(Bytes)
                ---------  ---------  ---------  ---------  ---------
                   .org_0       code   0x000000    program   0x000000
                   .org_1       code   0x000000    program   0x000002
                   .org_2       code   0x000004    program   0x000144
      .config_2007_MAIN.O       code   0x002007    program   0x000002
      .config_2008_MAIN.O       code   0x002008    program   0x000002



                              Program Memory Usage 
                               Start         End      
                           ---------   ---------      
                            0x000000    0x000000      
                            0x000004    0x0000a5      
                            0x002007    0x002008      
            165 out of 8455 program addresses used, program memory utilization is 1%



                              Symbols - Sorted by Name
                     Name    Address   Location    Storage File                     
                ---------  ---------  ---------  --------- ---------                
         ButtonNotPressed   0x000062    program     static C:\Users\Aluno\Desktop\PortableGit\ECAi11\simon_game\simon_game\code\main.asm
           ButttonPressed   0x000064    program     static C:\Users\Aluno\Desktop\PortableGit\ECAi11\simon_game\simon_game\code\main.asm
             CompareInput   0x000070    program     static C:\Users\Aluno\Desktop\PortableGit\ECAi11\simon_game\simon_game\code\main.asm
                   Delay1   0x00009c    program     static C:\Users\Aluno\Desktop\PortableGit\ECAi11\simon_game\simon_game\code\main.asm
                   Delay2   0x0000a2    program     static C:\Users\Aluno\Desktop\PortableGit\ECAi11\simon_game\simon_game\code\main.asm
                Delay_1ms   0x00009a    program     static C:\Users\Aluno\Desktop\PortableGit\ECAi11\simon_game\simon_game\code\main.asm
                 Delay_1s   0x000094    program     static C:\Users\Aluno\Desktop\PortableGit\ECAi11\simon_game\simon_game\code\main.asm
              Delay_200ms   0x0000a0    program     static C:\Users\Aluno\Desktop\PortableGit\ECAi11\simon_game\simon_game\code\main.asm
         EntradaMovimento   0x000057    program     static C:\Users\Aluno\Desktop\PortableGit\ECAi11\simon_game\simon_game\code\main.asm
            ExitInterrupt   0x000011    program     static C:\Users\Aluno\Desktop\PortableGit\ECAi11\simon_game\simon_game\code\main.asm
                InputLoop   0x00005c    program     static C:\Users\Aluno\Desktop\PortableGit\ECAi11\simon_game\simon_game\code\main.asm
             LedCountLoop   0x00007b    program     static C:\Users\Aluno\Desktop\PortableGit\ECAi11\simon_game\simon_game\code\main.asm
                LevelEasy   0x00003a    program     static C:\Users\Aluno\Desktop\PortableGit\ECAi11\simon_game\simon_game\code\main.asm
                LevelHard   0x00003c    program     static C:\Users\Aluno\Desktop\PortableGit\ECAi11\simon_game\simon_game\code\main.asm
                     Main   0x000032    program     static C:\Users\Aluno\Desktop\PortableGit\ECAi11\simon_game\simon_game\code\main.asm
                Main_Loop   0x00003e    program     static C:\Users\Aluno\Desktop\PortableGit\ECAi11\simon_game\simon_game\code\main.asm
      RotinaInicializacao   0x000075    program     static C:\Users\Aluno\Desktop\PortableGit\ECAi11\simon_game\simon_game\code\main.asm
            SorteiaNumero   0x000041    program     static C:\Users\Aluno\Desktop\PortableGit\ECAi11\simon_game\simon_game\code\main.asm
                    Start   0x000016    program     static C:\Users\Aluno\Desktop\PortableGit\ECAi11\simon_game\simon_game\code\main.asm
              StoreNumber   0x000053    program     static C:\Users\Aluno\Desktop\PortableGit\ECAi11\simon_game\simon_game\code\main.asm
          Timer0Interrupt   0x00000b    program     static C:\Users\Aluno\Desktop\PortableGit\ECAi11\simon_game\simon_game\code\main.asm



                              Symbols - Sorted by Address
                     Name    Address   Location    Storage File                     
                ---------  ---------  ---------  --------- ---------                
          Timer0Interrupt   0x00000b    program     static C:\Users\Aluno\Desktop\PortableGit\ECAi11\simon_game\simon_game\code\main.asm
            ExitInterrupt   0x000011    program     static C:\Users\Aluno\Desktop\PortableGit\ECAi11\simon_game\simon_game\code\main.asm
                    Start   0x000016    program     static C:\Users\Aluno\Desktop\PortableGit\ECAi11\simon_game\simon_game\code\main.asm
                     Main   0x000032    program     static C:\Users\Aluno\Desktop\PortableGit\ECAi11\simon_game\simon_game\code\main.asm
                LevelEasy   0x00003a    program     static C:\Users\Aluno\Desktop\PortableGit\ECAi11\simon_game\simon_game\code\main.asm
                LevelHard   0x00003c    program     static C:\Users\Aluno\Desktop\PortableGit\ECAi11\simon_game\simon_game\code\main.asm
                Main_Loop   0x00003e    program     static C:\Users\Aluno\Desktop\PortableGit\ECAi11\simon_game\simon_game\code\main.asm
            SorteiaNumero   0x000041    program     static C:\Users\Aluno\Desktop\PortableGit\ECAi11\simon_game\simon_game\code\main.asm
              StoreNumber   0x000053    program     static C:\Users\Aluno\Desktop\PortableGit\ECAi11\simon_game\simon_game\code\main.asm
         EntradaMovimento   0x000057    program     static C:\Users\Aluno\Desktop\PortableGit\ECAi11\simon_game\simon_game\code\main.asm
                InputLoop   0x00005c    program     static C:\Users\Aluno\Desktop\PortableGit\ECAi11\simon_game\simon_game\code\main.asm
         ButtonNotPressed   0x000062    program     static C:\Users\Aluno\Desktop\PortableGit\ECAi11\simon_game\simon_game\code\main.asm
           ButttonPressed   0x000064    program     static C:\Users\Aluno\Desktop\PortableGit\ECAi11\simon_game\simon_game\code\main.asm
             CompareInput   0x000070    program     static C:\Users\Aluno\Desktop\PortableGit\ECAi11\simon_game\simon_game\code\main.asm
      RotinaInicializacao   0x000075    program     static C:\Users\Aluno\Desktop\PortableGit\ECAi11\simon_game\simon_game\code\main.asm
             LedCountLoop   0x00007b    program     static C:\Users\Aluno\Desktop\PortableGit\ECAi11\simon_game\simon_game\code\main.asm
                 Delay_1s   0x000094    program     static C:\Users\Aluno\Desktop\PortableGit\ECAi11\simon_game\simon_game\code\main.asm
                Delay_1ms   0x00009a    program     static C:\Users\Aluno\Desktop\PortableGit\ECAi11\simon_game\simon_game\code\main.asm
                   Delay1   0x00009c    program     static C:\Users\Aluno\Desktop\PortableGit\ECAi11\simon_game\simon_game\code\main.asm
              Delay_200ms   0x0000a0    program     static C:\Users\Aluno\Desktop\PortableGit\ECAi11\simon_game\simon_game\code\main.asm
                   Delay2   0x0000a2    program     static C:\Users\Aluno\Desktop\PortableGit\ECAi11\simon_game\simon_game\code\main.asm


